\BOOKMARK [1][-]{section.1}{\376\377\000N\000a\000r\000z\001\031\000d\000z\000i\000a\000\040\000o\000b\000l\000i\000c\000z\000e\000n\000i\000o\000w\000e}{}% 1
\BOOKMARK [1][-]{section.2}{\376\377\000C\000e\000l\000\040\000m\000o\000d\000e\000l\000u}{}% 2
\BOOKMARK [1][-]{section.3}{\376\377\000P\000a\000r\000a\000m\000e\000t\000r\000y\000\040\000m\000o\000d\000e\000l\000u}{}% 3
\BOOKMARK [1][-]{section.4}{\376\377\000U\000k\001\102\000a\000d\000y\000\040\000w\000s\000p\000\363\001\102\000r\000z\001\031\000d\000n\000y\000c\000h}{}% 4
\BOOKMARK [2][-]{subsection.4.1}{\376\377\000E\000C\000I}{section.4}% 5
\BOOKMARK [2][-]{subsection.4.2}{\376\377\000E\000C\000E\000F}{section.4}% 6
\BOOKMARK [2][-]{subsection.4.3}{\376\377\000K\000o\000n\000w\000e\000n\000c\000j\000a\000\040\000t\000r\000a\000n\000s\000f\000o\000r\000m\000a\000c\000j\000i\000\040\000p\000o\000m\000i\001\031\000d\000z\000y\000\040\000u\000k\001\102\000a\000d\000a\000m\000i\000\040\000G\000C\000R\000F\000\040\000i\000\040\000I\000T\000R\000F}{section.4}% 7
\BOOKMARK [2][-]{subsection.4.4}{\376\377\000W\000G\000S\0008\0004\000\040\000g\000e\000o\000d\000e\000z\000y\000j\000n\000y}{section.4}% 8
\BOOKMARK [2][-]{subsection.4.5}{\376\377\000N\000E\000D}{section.4}% 9
\BOOKMARK [2][-]{subsection.4.6}{\376\377\000U\000k\001\102\000a\000d\000\040\000b\000o\000d\000y}{section.4}% 10
\BOOKMARK [2][-]{subsection.4.7}{\376\377\000T\000r\000a\000n\000s\000f\000o\000r\000m\000a\000c\000j\000e\000\040\000m\000i\001\031\000d\000z\000y\000\040\000u\000k\001\102\000a\000d\000a\000m\000i}{section.4}% 11
\BOOKMARK [1][-]{section.5}{\376\377\000P\000r\000o\000p\000a\000g\000a\000c\000j\000a\000\040\000o\000r\000b\000i\000t\000y}{}% 12
\BOOKMARK [1][-]{section.6}{\376\377\000P\000o\000l\000e\000\040\000m\000a\000g\000n\000e\000t\000y\000c\000z\000n\000e}{}% 13
\BOOKMARK [1][-]{section.7}{\376\377\000O\000r\000i\000e\000n\000t\000a\000c\000j\000a\000\040\000s\000a\000t\000e\000l\000i\000t\000y}{}% 14
\BOOKMARK [2][-]{subsection.7.1}{\376\377\000W\000a\000r\000u\000n\000e\000k\000\040\000p\000o\000c\000z\001\005\000t\000k\000o\000w\000y}{section.7}% 15
\BOOKMARK [2][-]{subsection.7.2}{\376\377\000D\000y\000n\000a\000m\000i\000k\000a\000\040\000i\000\040\000k\000i\000n\000e\000m\000a\000t\000y\000k\000a\000\040\000o\000r\000i\000e\000n\000t\000a\000c\000j\000i\000\040\000p\000r\000z\000e\000s\000t\000r\000z\000e\000n\000n\000e\000j}{section.7}% 16
\BOOKMARK [2][-]{subsection.7.3}{\376\377\000P\000o\000l\000e\000\040\000m\000a\000g\000n\000e\000t\000y\000c\000z\000n\000e\000\040\000w\000\040\000u\000k\001\102\000a\000d\000z\000i\000e\000\040\000b\000o\000d\000y}{section.7}% 17
\BOOKMARK [1][-]{section.8}{\376\377\000A\000E\000K\000F\000\040\000o\000r\000i\000e\000n\000t\000a\000c\000j\000i}{}% 18
\BOOKMARK [1][-]{section.9}{\376\377\000P\000e\001\102\000n\000y\000\040\000A\000E\000K\000F}{}% 19
\BOOKMARK [1][-]{section.10}{\376\377\000S\000a\000n\000i\000t\000y\000\040\000c\000h\000e\000c\000k\000i}{}% 20
\BOOKMARK [1][-]{section.11}{\376\377\001\101\000a\001\104\000c\000u\000c\000h\000\040\000o\000b\000l\000i\000c\000z\000e\001\104}{}% 21
\BOOKMARK [1][-]{section.12}{\376\377\000L\000i\000t\000e\000r\000a\000t\000u\000r\000a}{}% 22
